<html>
<body>
<pre>
<h1>µVision Build Log</h1>
<h2>Tool Versions:</h2>
IDE-Version: µVision V5.29.0.0
Copyright (C) 2019 ARM Ltd and ARM Germany GmbH. All rights reserved.
License Information: Tasnim Ahmed, none, LIC=----
 
Tool Versions:
Toolchain:       MDK-Lite  Version: 5.29.0.0
Toolchain Path:  D:\FSUK\Keil\ARM\ARMCC\Bin
C Compiler:      Armcc.exe V5.06 update 6 (build 750)
Assembler:       Armasm.exe V5.06 update 6 (build 750)
Linker/Locator:  ArmLink.exe V5.06 update 6 (build 750)
Library Manager: ArmAr.exe V5.06 update 6 (build 750)
Hex Converter:   FromElf.exe V5.06 update 6 (build 750)
CPU DLL:         SARMCM3.DLL V5.29.0.0
Dialog DLL:      DCM.DLL V1.17.3.0
Target DLL:      UL2CM3.DLL V1.163.0.0
Dialog DLL:      TCM.DLL V1.36.5.0
 
<h2>Project:</h2>
D:\College projects\tiva\Hotel-System\Hotel-System\Hotel-System.uvprojx
Project File Date:  05/22/2020

<h2>Output:</h2>
*** Using Compiler 'V5.06 update 6 (build 750)', folder: 'D:\FSUK\Keil\ARM\ARMCC\Bin'
Build target 'Target 1'
compiling main.c...
Keypad/Keypad.h(9): warning:  #1-D: last line of file ends without a newline
  uint8_t KeyPad_getPressedKey(void);
main.c(10): warning:  #1295-D: Deprecated declaration Turn_on_lock - give arg types
  void Turn_on_lock();
main.c(11): warning:  #1295-D: Deprecated declaration Turn_off_lock - give arg types
  void Turn_off_lock();
main.c(12): warning:  #1295-D: Deprecated declaration get_room_number - give arg types
  uint16_t get_room_number();
main.c(13): warning:  #1295-D: Deprecated declaration set_password - give arg types
  uint16_t* set_password();
main.c(14): warning:  #1295-D: Deprecated declaration set_status - give arg types
  uint16_t set_status();
main.c(77): warning:  #940-D: missing return statement at end of non-void function "set_password" 
  }
main.c(73): warning:  #550-D: variable "password_set"  was set but never used
  	static uint16_t password_set[4];
main.c(87): warning:  #1-D: last line of file ends without a newline
  }
main.c(79): warning:  #177-D: variable "pw"  was declared but never referenced
  	uint16_t pw[4];
main.c: 10 warnings, 0 errors
linking...
Program Size: Code=1388 RO-data=652 RW-data=32 ZI-data=608  
".\Objects\Hotel-System.axf" - 0 Error(s), 10 Warning(s).

<h2>Software Packages used:</h2>

Package Vendor: ARM
                http://www.keil.com/pack/ARM.CMSIS.5.6.0.pack
                ARM.CMSIS.5.6.0
                CMSIS (Cortex Microcontroller Software Interface Standard)
   * Component: CORE Version: 5.3.0

Package Vendor: Keil
                http://www.keil.com/pack/Keil.TM4C_DFP.1.1.0.pack
                Keil.TM4C_DFP.1.1.0
                Texas Instruments Tiva C Series Device Support and Examples
   * Component: Startup Version: 1.0.1

<h2>Collection of Component include folders:</h2>
  .\RTE\_Target_1
  D:\FSUK\Keil\ARM\CMSIS\5.6.0\CMSIS\Core\Include
  D:\FSUK\Keil\Keil\TM4C_DFP\1.1.0\Device\Include\TM4C123

<h2>Collection of Component Files used:</h2>

   * Component: ARM::CMSIS:CORE:5.3.0

   * Component: Keil::Device:Startup:1.0.1
      Include file:  Device\Include\TM4C123\TM4C123.h
      Source file:   Device\Source\ARM\startup_TM4C123.s
      Source file:   Device\Source\system_TM4C123.c
Build Time Elapsed:  00:00:09
</pre>
</body>
</html>
